// Vitest Snapshot v1, https://vitest.dev/guide/snapshot.html

exports[`renderIssue (C5) > golden-file: deterministic snapshot for fixture input 1`] = `
{
  "body": "# AI Builder Pulse — 2026-04-18

Today: 2 stories across 2 categories — top pick, "Tool One", from Hacker News.

## Today's Top Pick

### [Tool One](https://example.com/tool1)
*Hacker News*

Short description of the first tool.

## Tools & Launches

### [Tool One](https://example.com/tool1)
*Hacker News*

Short description of the first tool.

## Model Releases

### [Model X Release](https://example.com/model-x)
*Hacker News*

A new model with interesting properties.

---

[AI Builder Pulse](https://pulse.ryanhenderson.dev) — daily briefing for engineers building with AI.
Browse the [archive](https://pulse.ryanhenderson.dev/archive/) or [unsubscribe]({{unsubscribe_url}}).
",
  "subject": "AI Builder Pulse — 2026-04-18",
}
`;
